// Jest Snapshot v1, https://goo.gl/fbAQLP

exports[`Component: Header should render 1`] = `
.c1 {
  font-size: 1.8rem;
  font-weight: 700;
  color: #F2C1AE;
}

.c0 {
  width: 100%;
  height: 120px;
  display: -webkit-box;
  display: -webkit-flex;
  display: -ms-flexbox;
  display: flex;
  -webkit-flex-direction: column;
  -ms-flex-direction: column;
  flex-direction: column;
  -webkit-box-pack: center;
  -webkit-justify-content: center;
  -ms-flex-pack: center;
  justify-content: center;
  -webkit-align-items: center;
  -webkit-box-align: center;
  -ms-flex-align: center;
  align-items: center;
  background-image: url(gallery.jpg);
  background-size: cover;
  background-color: #734359;
  background-position: 70%;
  background-blend-mode: multiply;
}

.c2 {
  margin-top: 10px;
  font-size: 1rem;
  font-weight: 400;
  color: #C8C8C8;
}

@media only screen and (min-width:768px) {
  .c1 {
    font-size: 2.5rem;
  }
}

@media only screen and (min-width:768px) {
  .c2 {
    font-size: 1.5rem;
  }
}

<header
  class="c0"
>
  <a
    href="/"
  >
    <h1
      class="c1"
    >
      React Gallery
    </h1>
  </a>
  <h2
    class="c2"
  >
    Find out all the images you can imagine!
  </h2>
</header>
`;
