// Jest Snapshot v1, https://goo.gl/fbAQLP

exports[`Component: Photo should render 1`] = `
.c1 {
  position: fixed;
  top: 0;
  width: 100%;
  z-index: 9999;
}

.c2 {
  display: block;
  width: 100%;
  height: 7px;
  background: #A66885;
  -webkit-animation: jIfmAB 1.5s linear infinite forwards;
  animation: jIfmAB 1.5s linear infinite forwards;
}

.c0 {
  position: relative;
  overflow: hidden;
}

.c3 {
  width: 98%;
  position: absolute;
  left: 0;
  bottom: 5px;
  z-index: 1;
  background-color: rgba(229,234,237,0.8);
  padding: 25px;
}

.c4 {
  font-size: 1.5rem;
  text-transform: uppercase;
  font-weight: 400;
  text-align: center;
  color: #734359;
}

.c6 {
  width: 100%;
  border: 1px solid #A66885;
}

.c5 {
  width: 100%;
  border: 1px solid #A66885;
  height: 100%;
}

<div
  class="c0"
>
  <div
    class="c1"
  >
    <div
      class="c2"
      type="DARK"
    />
  </div>
  <div
    class="c3"
  >
    <p
      class="c4"
    >
      flower
    </p>
  </div>
  <div
    class="LazyImage-Placeholder"
  >
    <img
      alt="flower"
      class="c5 c6"
      src="defaultPhoto.png"
    />
  </div>
</div>
`;
